Vivado Simulator v2025.2
Copyright 1986-2022 Xilinx, Inc. All Rights Reserved.
Copyright 2022-2025 Advanced Micro Devices, Inc. All Rights Reserved.
Running: D:/vivado/2025.2/Vivado/bin/unwrapped/win64.o/xelab.exe --incr --debug typical --relax --mt 2 -L xil_defaultlib -L unisims_ver -L unimacro_ver -L secureip --snapshot aes_fault_tb_behav xil_defaultlib.aes_fault_tb xil_defaultlib.glbl -log elaborate.log 
Using 2 slave threads.
Starting static elaboration
Pass Through NonSizing Optimizer
Completed static elaboration
Starting simulation data flow analysis
Completed simulation data flow analysis
Time Resolution for simulation is 1ps
Compiling module xil_defaultlib.key_expansion
Compiling module xil_defaultlib.fault_inject_ctrl_default
Compiling module xil_defaultlib.sbox
Compiling module xil_defaultlib.sub_bytes_default
Compiling module xil_defaultlib.shift_rows
Compiling module xil_defaultlib.mix_columns
Compiling module xil_defaultlib.aes_round
Compiling module xil_defaultlib.aes_round_fault_mc_pre
Compiling module xil_defaultlib.final_round
Compiling module xil_defaultlib.aes_top_default
Compiling module xil_defaultlib.aes_fault_tb
Compiling module xil_defaultlib.glbl
Built simulation snapshot aes_fault_tb_behav
