INFO: [VRFC 10-2263] Analyzing Verilog file "D:/AES_workspace/AES_128_Project_3.0/AES_128_Project.srcs/sources_1/new/aes_round.v" into library xil_defaultlib
INFO: [VRFC 10-311] analyzing module aes_round
INFO: [VRFC 10-2263] Analyzing Verilog file "D:/AES_workspace/AES_128_Project_3.0/AES_128_Project.srcs/sources_1/new/aes_round_fault_mc_pre.v" into library xil_defaultlib
INFO: [VRFC 10-311] analyzing module aes_round_fault_mc_pre
INFO: [VRFC 10-2263] Analyzing Verilog file "D:/AES_workspace/AES_128_Project_3.0/AES_128_Project.srcs/sources_1/new/aes_top.v" into library xil_defaultlib
INFO: [VRFC 10-311] analyzing module aes_top
INFO: [VRFC 10-2263] Analyzing Verilog file "D:/AES_workspace/AES_128_Project_3.0/AES_128_Project.srcs/sources_1/new/fault_inject_ctrl.v" into library xil_defaultlib
INFO: [VRFC 10-311] analyzing module fault_inject_ctrl
INFO: [VRFC 10-2263] Analyzing Verilog file "D:/AES_workspace/AES_128_Project_3.0/AES_128_Project.srcs/sources_1/new/final_round.v" into library xil_defaultlib
INFO: [VRFC 10-311] analyzing module final_round
INFO: [VRFC 10-2263] Analyzing Verilog file "D:/AES_workspace/AES_128_Project_3.0/AES_128_Project.srcs/sources_1/new/key_expansion.v" into library xil_defaultlib
INFO: [VRFC 10-311] analyzing module key_expansion
INFO: [VRFC 10-2263] Analyzing Verilog file "D:/AES_workspace/AES_128_Project_3.0/AES_128_Project.srcs/sources_1/new/mix_columns.v" into library xil_defaultlib
INFO: [VRFC 10-311] analyzing module mix_columns
INFO: [VRFC 10-2263] Analyzing Verilog file "D:/AES_workspace/AES_128_Project_3.0/AES_128_Project.srcs/sources_1/new/shift_rows.v" into library xil_defaultlib
INFO: [VRFC 10-311] analyzing module shift_rows
INFO: [VRFC 10-2263] Analyzing Verilog file "D:/AES_workspace/AES_128_Project_3.0/AES_128_Project.srcs/sim_1/new/aes_fault_tb.v" into library xil_defaultlib
INFO: [VRFC 10-311] analyzing module aes_fault_tb
INFO: [VRFC 10-2263] Analyzing Verilog file "D:/AES_workspace/AES_128_Project_3.0/AES_128_Project.sim/sim_1/behav/xsim/glbl.v" into library xil_defaultlib
INFO: [VRFC 10-311] analyzing module glbl
